// Jest Snapshot v1, https://goo.gl/fbAQLP

exports[`themer trianglify wallpaper should allow for specifying variances 1`] = `"<svg width=\\"100\\" height=\\"100\\" xmlns=\\"http://www.w3.org/2000/svg\\"><path d=\\"M50,50L-25,-25L-25,50Z\\" fill=\\"#90a4ad\\" stroke=\\"#90a4ad\\" stroke-width=\\"1.51\\"></path><path d=\\"M50,50L50,-25L-25,-25Z\\" fill=\\"#9ca9b7\\" stroke=\\"#9ca9b7\\" stroke-width=\\"1.51\\"></path><path d=\\"M-25,-25L-100,-25L-25,50Z\\" fill=\\"#8eb0ae\\" stroke=\\"#8eb0ae\\" stroke-width=\\"1.51\\"></path><path d=\\"M-100,-25L-100,50L-25,50Z\\" fill=\\"#82aba4\\" stroke=\\"#82aba4\\" stroke-width=\\"1.51\\"></path><path d=\\"M50,-25L-25,-100L-25,-25Z\\" fill=\\"#a7bbc4\\" stroke=\\"#a7bbc4\\" stroke-width=\\"1.51\\"></path><path d=\\"M-25,-25L-25,-100L-100,-25Z\\" fill=\\"#9dc0be\\" stroke=\\"#9dc0be\\" stroke-width=\\"1.51\\"></path><path d=\\"M-100,50L-25,125L-25,50Z\\" fill=\\"#789a99\\" stroke=\\"#789a99\\" stroke-width=\\"1.51\\"></path><path d=\\"M-25,50L-25,125L50,50Z\\" fill=\\"#82969e\\" stroke=\\"#82969e\\" stroke-width=\\"1.51\\"></path><path d=\\"M50,-25L50,-100L-25,-100Z\\" fill=\\"#b3c0cf\\" stroke=\\"#b3c0cf\\" stroke-width=\\"1.51\\"></path><path d=\\"M-25,125L50,125L50,50Z\\" fill=\\"#7f8c9a\\" stroke=\\"#7f8c9a\\" stroke-width=\\"1.51\\"></path><path d=\\"M125,50L125,-25L50,50Z\\" fill=\\"#a19aba\\" stroke=\\"#a19aba\\" stroke-width=\\"1.51\\"></path><path d=\\"M50,50L125,-25L50,-25Z\\" fill=\\"#a4a4be\\" stroke=\\"#a4a4be\\" stroke-width=\\"1.51\\"></path><path d=\\"M50,-25L125,-25L50,-100Z\\" fill=\\"#b4b3ce\\" stroke=\\"#b4b3ce\\" stroke-width=\\"1.51\\"></path><path d=\\"M50,125L125,50L50,50Z\\" fill=\\"#8e8ea8\\" stroke=\\"#8e8ea8\\" stroke-width=\\"1.51\\"></path><path d=\\"M-25,-100L-100,-100L-100,-25Z\\" fill=\\"#a0cac2\\" stroke=\\"#a0cac2\\" stroke-width=\\"1.51\\"></path><path d=\\"M-100,50L-100,125L-25,125Z\\" fill=\\"#6c968e\\" stroke=\\"#6c968e\\" stroke-width=\\"1.51\\"></path><path d=\\"M125,-25L125,-100L50,-100Z\\" fill=\\"#bfb8d8\\" stroke=\\"#bfb8d8\\" stroke-width=\\"1.51\\"></path><path d=\\"M50,125L125,125L125,50Z\\" fill=\\"#8b85a3\\" stroke=\\"#8b85a3\\" stroke-width=\\"1.51\\"></path><path d=\\"M50,125L50,200L125,125Z\\" fill=\\"#797992\\" stroke=\\"#797992\\" stroke-width=\\"1.51\\"></path><path d=\\"M-25,125L-25,200L50,125Z\\" fill=\\"#6c8089\\" stroke=\\"#6c8089\\" stroke-width=\\"1.51\\"></path><path d=\\"M-100,125L-25,200L-25,125Z\\" fill=\\"#638483\\" stroke=\\"#638483\\" stroke-width=\\"1.51\\"></path><path d=\\"M-25,200L50,200L50,125Z\\" fill=\\"#6a7684\\" stroke=\\"#6a7684\\" stroke-width=\\"1.51\\"></path><path d=\\"M125,-25L200,-25L125,-100Z\\" fill=\\"#c0abd7\\" stroke=\\"#c0abd7\\" stroke-width=\\"1.51\\"></path><path d=\\"M125,50L200,-25L125,-25Z\\" fill=\\"#b09cc7\\" stroke=\\"#b09cc7\\" stroke-width=\\"1.51\\"></path><path d=\\"M200,50L200,-25L125,50Z\\" fill=\\"#ac91c3\\" stroke=\\"#ac91c3\\" stroke-width=\\"1.51\\"></path><path d=\\"M125,125L200,50L125,50Z\\" fill=\\"#9a86b0\\" stroke=\\"#9a86b0\\" stroke-width=\\"1.51\\"></path><path d=\\"M-100,125L-100,200L-25,200Z\\" fill=\\"#578079\\" stroke=\\"#578079\\" stroke-width=\\"1.51\\"></path><path d=\\"M125,125L200,125L200,50Z\\" fill=\\"#967cac\\" stroke=\\"#967cac\\" stroke-width=\\"1.51\\"></path><path d=\\"M50,200L125,200L125,125Z\\" fill=\\"#756f8d\\" stroke=\\"#756f8d\\" stroke-width=\\"1.51\\"></path><path d=\\"M200,-25L200,-100L125,-100Z\\" fill=\\"#cbafe2\\" stroke=\\"#cbafe2\\" stroke-width=\\"1.51\\"></path><path d=\\"M125,200L200,125L125,125Z\\" fill=\\"#84719a\\" stroke=\\"#84719a\\" stroke-width=\\"1.51\\"></path><path d=\\"M125,200L200,200L200,125Z\\" fill=\\"#806796\\" stroke=\\"#806796\\" stroke-width=\\"1.51\\"></path></svg>"`;

exports[`themer trianglify wallpaper should allow for specifying variances 2`] = `"<svg width=\\"100\\" height=\\"100\\" xmlns=\\"http://www.w3.org/2000/svg\\"><path d=\\"M50,50L-25,-25L-25,50Z\\" fill=\\"#cfa08d\\" stroke=\\"#cfa08d\\" stroke-width=\\"1.51\\"></path><path d=\\"M50,50L50,-25L-25,-25Z\\" fill=\\"#d7a497\\" stroke=\\"#d7a497\\" stroke-width=\\"1.51\\"></path><path d=\\"M-25,-25L-100,-25L-25,50Z\\" fill=\\"#d7af8c\\" stroke=\\"#d7af8c\\" stroke-width=\\"1.51\\"></path><path d=\\"M-100,-25L-100,50L-25,50Z\\" fill=\\"#cfab82\\" stroke=\\"#cfab82\\" stroke-width=\\"1.51\\"></path><path d=\\"M50,-25L-25,-100L-25,-25Z\\" fill=\\"#e7b7a2\\" stroke=\\"#e7b7a2\\" stroke-width=\\"1.51\\"></path><path d=\\"M-25,-25L-25,-100L-100,-25Z\\" fill=\\"#e8bf9b\\" stroke=\\"#e8bf9b\\" stroke-width=\\"1.51\\"></path><path d=\\"M-100,50L-25,125L-25,50Z\\" fill=\\"#bf9977\\" stroke=\\"#bf9977\\" stroke-width=\\"1.51\\"></path><path d=\\"M-25,50L-25,125L50,50Z\\" fill=\\"#bf927e\\" stroke=\\"#bf927e\\" stroke-width=\\"1.51\\"></path><path d=\\"M50,-25L50,-100L-25,-100Z\\" fill=\\"#efbbae\\" stroke=\\"#efbbae\\" stroke-width=\\"1.51\\"></path><path d=\\"M-25,125L50,125L50,50Z\\" fill=\\"#b7877b\\" stroke=\\"#b7877b\\" stroke-width=\\"1.51\\"></path><path d=\\"M125,50L125,-25L50,50Z\\" fill=\\"#ce929a\\" stroke=\\"#ce929a\\" stroke-width=\\"1.51\\"></path><path d=\\"M50,50L125,-25L50,-25Z\\" fill=\\"#d79d9e\\" stroke=\\"#d79d9e\\" stroke-width=\\"1.51\\"></path><path d=\\"M50,-25L125,-25L50,-100Z\\" fill=\\"#e7acad\\" stroke=\\"#e7acad\\" stroke-width=\\"1.51\\"></path><path d=\\"M50,125L125,50L50,50Z\\" fill=\\"#bf8788\\" stroke=\\"#bf8788\\" stroke-width=\\"1.51\\"></path><path d=\\"M-25,-100L-100,-100L-100,-25Z\\" fill=\\"#f0ca9f\\" stroke=\\"#f0ca9f\\" stroke-width=\\"1.51\\"></path><path d=\\"M-100,50L-100,125L-25,125Z\\" fill=\\"#b8956c\\" stroke=\\"#b8956c\\" stroke-width=\\"1.51\\"></path><path d=\\"M125,-25L125,-100L50,-100Z\\" fill=\\"#efb0b8\\" stroke=\\"#efb0b8\\" stroke-width=\\"1.51\\"></path><path d=\\"M50,125L125,125L125,50Z\\" fill=\\"#b77c85\\" stroke=\\"#b77c85\\" stroke-width=\\"1.51\\"></path><path d=\\"M50,125L50,200L125,125Z\\" fill=\\"#a87273\\" stroke=\\"#a87273\\" stroke-width=\\"1.51\\"></path><path d=\\"M-25,125L-25,200L50,125Z\\" fill=\\"#a87c69\\" stroke=\\"#a87c69\\" stroke-width=\\"1.51\\"></path><path d=\\"M-100,125L-25,200L-25,125Z\\" fill=\\"#a88362\\" stroke=\\"#a88362\\" stroke-width=\\"1.51\\"></path><path d=\\"M-25,200L50,200L50,125Z\\" fill=\\"#a07266\\" stroke=\\"#a07266\\" stroke-width=\\"1.51\\"></path><path d=\\"M125,-25L200,-25L125,-100Z\\" fill=\\"#e5a1b8\\" stroke=\\"#e5a1b8\\" stroke-width=\\"1.51\\"></path><path d=\\"M125,50L200,-25L125,-25Z\\" fill=\\"#d592a8\\" stroke=\\"#d592a8\\" stroke-width=\\"1.51\\"></path><path d=\\"M200,50L200,-25L125,50Z\\" fill=\\"#cd87a5\\" stroke=\\"#cd87a5\\" stroke-width=\\"1.51\\"></path><path d=\\"M125,125L200,50L125,50Z\\" fill=\\"#bd7c93\\" stroke=\\"#bd7c93\\" stroke-width=\\"1.51\\"></path><path d=\\"M-100,125L-100,200L-25,200Z\\" fill=\\"#a18058\\" stroke=\\"#a18058\\" stroke-width=\\"1.51\\"></path><path d=\\"M125,125L200,125L200,50Z\\" fill=\\"#b5718f\\" stroke=\\"#b5718f\\" stroke-width=\\"1.51\\"></path><path d=\\"M50,200L125,200L125,125Z\\" fill=\\"#a06770\\" stroke=\\"#a06770\\" stroke-width=\\"1.51\\"></path><path d=\\"M200,-25L200,-100L125,-100Z\\" fill=\\"#eda5c3\\" stroke=\\"#eda5c3\\" stroke-width=\\"1.51\\"></path><path d=\\"M125,200L200,125L125,125Z\\" fill=\\"#a6677d\\" stroke=\\"#a6677d\\" stroke-width=\\"1.51\\"></path><path d=\\"M125,200L200,200L200,125Z\\" fill=\\"#9e5c79\\" stroke=\\"#9e5c79\\" stroke-width=\\"1.51\\"></path></svg>"`;

exports[`themer trianglify wallpaper should allow for specifying variances 3`] = `"<svg width=\\"100\\" height=\\"100\\" xmlns=\\"http://www.w3.org/2000/svg\\"><path d=\\"M50,50L-25,-25L-25,50Z\\" fill=\\"#7f929b\\" stroke=\\"#7f929b\\" stroke-width=\\"1.51\\"></path><path d=\\"M50,50L50,-25L-25,-25Z\\" fill=\\"#7c8897\\" stroke=\\"#7c8897\\" stroke-width=\\"1.51\\"></path><path d=\\"M-25,-25L-100,-25L-25,50Z\\" fill=\\"#6f908e\\" stroke=\\"#6f908e\\" stroke-width=\\"1.51\\"></path><path d=\\"M-100,-25L-100,50L-25,50Z\\" fill=\\"#719a92\\" stroke=\\"#719a92\\" stroke-width=\\"1.51\\"></path><path d=\\"M50,-25L-25,-100L-25,-25Z\\" fill=\\"#6a7c85\\" stroke=\\"#6a7c85\\" stroke-width=\\"1.51\\"></path><path d=\\"M-25,-25L-25,-100L-100,-25Z\\" fill=\\"#618180\\" stroke=\\"#618180\\" stroke-width=\\"1.51\\"></path><path d=\\"M-100,50L-25,125L-25,50Z\\" fill=\\"#84a5a4\\" stroke=\\"#84a5a4\\" stroke-width=\\"1.51\\"></path><path d=\\"M-25,50L-25,125L50,50Z\\" fill=\\"#8da0aa\\" stroke=\\"#8da0aa\\" stroke-width=\\"1.51\\"></path><path d=\\"M50,-25L50,-100L-25,-100Z\\" fill=\\"#677281\\" stroke=\\"#677281\\" stroke-width=\\"1.51\\"></path><path d=\\"M-25,125L50,125L50,50Z\\" fill=\\"#99a4b4\\" stroke=\\"#99a4b4\\" stroke-width=\\"1.51\\"></path><path d=\\"M125,50L125,-25L50,50Z\\" fill=\\"#8e85a6\\" stroke=\\"#8e85a6\\" stroke-width=\\"1.51\\"></path><path d=\\"M50,50L125,-25L50,-25Z\\" fill=\\"#84829c\\" stroke=\\"#84829c\\" stroke-width=\\"1.51\\"></path><path d=\\"M50,-25L125,-25L50,-100Z\\" fill=\\"#75748e\\" stroke=\\"#75748e\\" stroke-width=\\"1.51\\"></path><path d=\\"M50,125L125,50L50,50Z\\" fill=\\"#9997b3\\" stroke=\\"#9997b3\\" stroke-width=\\"1.51\\"></path><path d=\\"M-25,-100L-100,-100L-100,-25Z\\" fill=\\"#557d76\\" stroke=\\"#557d76\\" stroke-width=\\"1.51\\"></path><path d=\\"M-100,50L-100,125L-25,125Z\\" fill=\\"#87b0a8\\" stroke=\\"#87b0a8\\" stroke-width=\\"1.51\\"></path><path d=\\"M125,-25L125,-100L50,-100Z\\" fill=\\"#726989\\" stroke=\\"#726989\\" stroke-width=\\"1.51\\"></path><path d=\\"M50,125L125,125L125,50Z\\" fill=\\"#a59bbd\\" stroke=\\"#a59bbd\\" stroke-width=\\"1.51\\"></path><path d=\\"M50,125L50,200L125,125Z\\" fill=\\"#b0aeca\\" stroke=\\"#b0aeca\\" stroke-width=\\"1.51\\"></path><path d=\\"M-25,125L-25,200L50,125Z\\" fill=\\"#a4b7c1\\" stroke=\\"#a4b7c1\\" stroke-width=\\"1.51\\"></path><path d=\\"M-100,125L-25,200L-25,125Z\\" fill=\\"#9bbcba\\" stroke=\\"#9bbcba\\" stroke-width=\\"1.51\\"></path><path d=\\"M-25,200L50,200L50,125Z\\" fill=\\"#afbbcb\\" stroke=\\"#afbbcb\\" stroke-width=\\"1.51\\"></path><path d=\\"M125,-25L200,-25L125,-100Z\\" fill=\\"#7f6a96\\" stroke=\\"#7f6a96\\" stroke-width=\\"1.51\\"></path><path d=\\"M125,50L200,-25L125,-25Z\\" fill=\\"#8e78a5\\" stroke=\\"#8e78a5\\" stroke-width=\\"1.51\\"></path><path d=\\"M200,50L200,-25L125,50Z\\" fill=\\"#987caf\\" stroke=\\"#987caf\\" stroke-width=\\"1.51\\"></path><path d=\\"M125,125L200,50L125,50Z\\" fill=\\"#a48ebb\\" stroke=\\"#a48ebb\\" stroke-width=\\"1.51\\"></path><path d=\\"M-100,125L-100,200L-25,200Z\\" fill=\\"#9ec7bf\\" stroke=\\"#9ec7bf\\" stroke-width=\\"1.51\\"></path><path d=\\"M125,125L200,125L200,50Z\\" fill=\\"#af91c6\\" stroke=\\"#af91c6\\" stroke-width=\\"1.51\\"></path><path d=\\"M50,200L125,200L125,125Z\\" fill=\\"#bbb1d4\\" stroke=\\"#bbb1d4\\" stroke-width=\\"1.51\\"></path><path d=\\"M200,-25L200,-100L125,-100Z\\" fill=\\"#7b6092\\" stroke=\\"#7b6092\\" stroke-width=\\"1.51\\"></path><path d=\\"M125,200L200,125L125,125Z\\" fill=\\"#bba4d3\\" stroke=\\"#bba4d3\\" stroke-width=\\"1.51\\"></path><path d=\\"M125,200L200,200L200,125Z\\" fill=\\"#c6a8dd\\" stroke=\\"#c6a8dd\\" stroke-width=\\"1.51\\"></path></svg>"`;

exports[`themer trianglify wallpaper should allow for specifying variances 4`] = `"<svg width=\\"100\\" height=\\"100\\" xmlns=\\"http://www.w3.org/2000/svg\\"><path d=\\"M50,50L-25,-25L-25,50Z\\" fill=\\"#ba8974\\" stroke=\\"#ba8974\\" stroke-width=\\"1.51\\"></path><path d=\\"M50,50L50,-25L-25,-25Z\\" fill=\\"#b28071\\" stroke=\\"#b28071\\" stroke-width=\\"1.51\\"></path><path d=\\"M-25,-25L-100,-25L-25,50Z\\" fill=\\"#b28864\\" stroke=\\"#b28864\\" stroke-width=\\"1.51\\"></path><path d=\\"M-100,-25L-100,50L-25,50Z\\" fill=\\"#ba9367\\" stroke=\\"#ba9367\\" stroke-width=\\"1.51\\"></path><path d=\\"M50,-25L-25,-100L-25,-25Z\\" fill=\\"#a3745f\\" stroke=\\"#a3745f\\" stroke-width=\\"1.51\\"></path><path d=\\"M-25,-25L-25,-100L-100,-25Z\\" fill=\\"#a37a57\\" stroke=\\"#a37a57\\" stroke-width=\\"1.51\\"></path><path d=\\"M-100,50L-25,125L-25,50Z\\" fill=\\"#ca9e79\\" stroke=\\"#ca9e79\\" stroke-width=\\"1.51\\"></path><path d=\\"M-25,50L-25,125L50,50Z\\" fill=\\"#ca9882\\" stroke=\\"#ca9882\\" stroke-width=\\"1.51\\"></path><path d=\\"M50,-25L50,-100L-25,-100Z\\" fill=\\"#9b6a5d\\" stroke=\\"#9b6a5d\\" stroke-width=\\"1.51\\"></path><path d=\\"M-25,125L50,125L50,50Z\\" fill=\\"#d29c8d\\" stroke=\\"#d29c8d\\" stroke-width=\\"1.51\\"></path><path d=\\"M125,50L125,-25L50,50Z\\" fill=\\"#ba7e84\\" stroke=\\"#ba7e84\\" stroke-width=\\"1.51\\"></path><path d=\\"M50,50L125,-25L50,-25Z\\" fill=\\"#b37a79\\" stroke=\\"#b37a79\\" stroke-width=\\"1.51\\"></path><path d=\\"M50,-25L125,-25L50,-100Z\\" fill=\\"#a36b6c\\" stroke=\\"#a36b6c\\" stroke-width=\\"1.51\\"></path><path d=\\"M50,125L125,50L50,50Z\\" fill=\\"#ca8f8f\\" stroke=\\"#ca8f8f\\" stroke-width=\\"1.51\\"></path><path d=\\"M-25,-100L-100,-100L-100,-25Z\\" fill=\\"#9b764c\\" stroke=\\"#9b764c\\" stroke-width=\\"1.51\\"></path><path d=\\"M-100,50L-100,125L-25,125Z\\" fill=\\"#d2a87b\\" stroke=\\"#d2a87b\\" stroke-width=\\"1.51\\"></path><path d=\\"M125,-25L125,-100L50,-100Z\\" fill=\\"#9b6269\\" stroke=\\"#9b6269\\" stroke-width=\\"1.51\\"></path><path d=\\"M50,125L125,125L125,50Z\\" fill=\\"#d1939a\\" stroke=\\"#d1939a\\" stroke-width=\\"1.51\\"></path><path d=\\"M50,125L50,200L125,125Z\\" fill=\\"#e2a6a5\\" stroke=\\"#e2a6a5\\" stroke-width=\\"1.51\\"></path><path d=\\"M-25,125L-25,200L50,125Z\\" fill=\\"#e2ae98\\" stroke=\\"#e2ae98\\" stroke-width=\\"1.51\\"></path><path d=\\"M-100,125L-25,200L-25,125Z\\" fill=\\"#e2b58f\\" stroke=\\"#e2b58f\\" stroke-width=\\"1.51\\"></path><path d=\\"M-25,200L50,200L50,125Z\\" fill=\\"#eab3a3\\" stroke=\\"#eab3a3\\" stroke-width=\\"1.51\\"></path><path d=\\"M125,-25L200,-25L125,-100Z\\" fill=\\"#a26377\\" stroke=\\"#a26377\\" stroke-width=\\"1.51\\"></path><path d=\\"M125,50L200,-25L125,-25Z\\" fill=\\"#b17186\\" stroke=\\"#b17186\\" stroke-width=\\"1.51\\"></path><path d=\\"M200,50L200,-25L125,50Z\\" fill=\\"#b97591\\" stroke=\\"#b97591\\" stroke-width=\\"1.51\\"></path><path d=\\"M125,125L200,50L125,50Z\\" fill=\\"#c9869b\\" stroke=\\"#c9869b\\" stroke-width=\\"1.51\\"></path><path d=\\"M-100,125L-100,200L-25,200Z\\" fill=\\"#eabf91\\" stroke=\\"#eabf91\\" stroke-width=\\"1.51\\"></path><path d=\\"M125,125L200,125L200,50Z\\" fill=\\"#d08aa6\\" stroke=\\"#d08aa6\\" stroke-width=\\"1.51\\"></path><path d=\\"M50,200L125,200L125,125Z\\" fill=\\"#eaaab0\\" stroke=\\"#eaaab0\\" stroke-width=\\"1.51\\"></path><path d=\\"M200,-25L200,-100L125,-100Z\\" fill=\\"#9a5974\\" stroke=\\"#9a5974\\" stroke-width=\\"1.51\\"></path><path d=\\"M125,200L200,125L125,125Z\\" fill=\\"#e19cb2\\" stroke=\\"#e19cb2\\" stroke-width=\\"1.51\\"></path><path d=\\"M125,200L200,200L200,125Z\\" fill=\\"#e9a1bd\\" stroke=\\"#e9a1bd\\" stroke-width=\\"1.51\\"></path></svg>"`;
