// Jest Snapshot v1, https://goo.gl/fbAQLP

exports[`render function should properly render a package.json file 1`] = `
"{
  \\"name\\": \\"theme-themer-vscode\\",
  \\"displayName\\": \\"Themer VS Code Themes\\",
  \\"description\\": \\"Personal theme generated by themer\\",
  \\"version\\": \\"1.0.0\\",
  \\"publisher\\": \\"Themer\\",
  \\"engines\\": {
    \\"vscode\\": \\"^1.14.0\\"
  },
  \\"categories\\": [
    \\"Themes\\"
  ],
  \\"icon\\": \\"icon.svg\\",
  \\"contributes\\": {
    \\"themes\\": [
      {
        \\"label\\": \\"Themer Dark\\",
        \\"uiTheme\\": \\"vs-dark\\",
        \\"path\\": \\"themes/themer-dark-color-theme.json\\"
      },
      {
        \\"label\\": \\"Themer Light\\",
        \\"uiTheme\\": \\"vs-light\\",
        \\"path\\": \\"themes/themer-light-color-theme.json\\"
      }
    ]
  }
}"
`;

exports[`render function should properly render a simple README.md file 1`] = `"Your personal themes, generated by the [VS Code template](https://github.com/mjswensen/themer-vscode) for [themer](https://github.com/mjswensen/themer)."`;

exports[`render function should properly render an icon file when given both light and dark colors 1`] = `
"
        <svg width=\\"400px\\" height=\\"400px\\" viewBox=\\"0 0 400 400\\" version=\\"1.1\\" xmlns=\\"http://www.w3.org/2000/svg\\" xmlns:xlink=\\"http://www.w3.org/1999/xlink\\">
          <defs>
            <linearGradient x1=\\"0%\\" y1=\\"50%\\" x2=\\"100%\\" y2=\\"50%\\" id=\\"shadeGradientLight\\">
              <stop stop-color=\\"#E0DCE0\\" offset=\\"0%\\"></stop>
              <stop stop-color=\\"#C1BCC2\\" offset=\\"16.67%\\"></stop>
              <stop stop-color=\\"#A29DA3\\" offset=\\"33.33%\\"></stop>
              <stop stop-color=\\"#847E85\\" offset=\\"50%\\"></stop>
              <stop stop-color=\\"#656066\\" offset=\\"66.67%\\"></stop>
              <stop stop-color=\\"#474247\\" offset=\\"83.33%\\"></stop>
              <stop stop-color=\\"#282629\\" offset=\\"100%\\"></stop>
            </linearGradient>
            <linearGradient x1=\\"0%\\" y1=\\"50%\\" x2=\\"100%\\" y2=\\"50%\\" id=\\"shadeGradientDark\\">
              <stop stop-color=\\"#474247\\" offset=\\"0%\\"></stop>
              <stop stop-color=\\"#656066\\" offset=\\"16.67%\\"></stop>
              <stop stop-color=\\"#847E85\\" offset=\\"33.33%\\"></stop>
              <stop stop-color=\\"#A29DA3\\" offset=\\"50%\\"></stop>
              <stop stop-color=\\"#C1BCC2\\" offset=\\"66.67%\\"></stop>
              <stop stop-color=\\"#E0DCE0\\" offset=\\"83.33%\\"></stop>
              <stop stop-color=\\"#FFFCFF\\" offset=\\"100%\\"></stop>
            </linearGradient>
          </defs>
          <g id=\\"light\\">
            <rect fill=\\"#FFFCFF\\" x=\\"0\\" y=\\"0\\" width=\\"400\\" height=\\"200\\"></rect>
            <rect fill=\\"#F03E4D\\" x=\\"28\\" y=\\"28\\" width=\\"74\\" height=\\"37\\"></rect>
            <rect fill=\\"#F37735\\" x=\\"118\\" y=\\"28\\" width=\\"74\\" height=\\"37\\"></rect>
            <rect fill=\\"#EEBA21\\" x=\\"208\\" y=\\"28\\" width=\\"74\\" height=\\"37\\"></rect>
            <rect fill=\\"#97BD2D\\" x=\\"298\\" y=\\"28\\" width=\\"74\\" height=\\"37\\"></rect>
            <rect fill=\\"#1FC598\\" x=\\"28\\" y=\\"81\\" width=\\"74\\" height=\\"37\\"></rect>
            <rect fill=\\"#53A6E1\\" x=\\"118\\" y=\\"81\\" width=\\"74\\" height=\\"37\\"></rect>
            <rect fill=\\"#BF65F0\\" x=\\"208\\" y=\\"81\\" width=\\"74\\" height=\\"37\\"></rect>
            <rect fill=\\"#EE4EB8\\" x=\\"298\\" y=\\"81\\" width=\\"74\\" height=\\"37\\"></rect>
            <rect fill=\\"url(#shadeGradientLight)\\" x=\\"28\\" y=\\"134\\" width=\\"344\\" height=\\"37\\"></rect>
          </g>
          <g id=\\"dark\\" transform=\\"translate(0.000000, 200.000000)\\">
            <rect fill=\\"#282629\\" x=\\"0\\" y=\\"0\\" width=\\"400\\" height=\\"200\\"></rect>
            <rect fill=\\"#FF4050\\" x=\\"28\\" y=\\"28\\" width=\\"74\\" height=\\"37\\"></rect>
            <rect fill=\\"#F28144\\" x=\\"118\\" y=\\"28\\" width=\\"74\\" height=\\"37\\"></rect>
            <rect fill=\\"#FFD24A\\" x=\\"208\\" y=\\"28\\" width=\\"74\\" height=\\"37\\"></rect>
            <rect fill=\\"#A4CC35\\" x=\\"298\\" y=\\"28\\" width=\\"74\\" height=\\"37\\"></rect>
            <rect fill=\\"#26C99E\\" x=\\"28\\" y=\\"81\\" width=\\"74\\" height=\\"37\\"></rect>
            <rect fill=\\"#66BFFF\\" x=\\"118\\" y=\\"81\\" width=\\"74\\" height=\\"37\\"></rect>
            <rect fill=\\"#CC78FA\\" x=\\"208\\" y=\\"81\\" width=\\"74\\" height=\\"37\\"></rect>
            <rect fill=\\"#F553BF\\" x=\\"298\\" y=\\"81\\" width=\\"74\\" height=\\"37\\"></rect>
            <rect fill=\\"url(#shadeGradientDark)\\" x=\\"28\\" y=\\"134\\" width=\\"344\\" height=\\"37\\"></rect>
          </g>
        </svg>
      "
`;

exports[`render function should properly render an icon file when given only one set of colors 1`] = `
"
      <svg width=\\"400px\\" height=\\"400px\\" viewBox=\\"0 0 400 400\\" version=\\"1.1\\" xmlns=\\"http://www.w3.org/2000/svg\\" xmlns:xlink=\\"http://www.w3.org/1999/xlink\\">
        <defs>
          <linearGradient x1=\\"0%\\" y1=\\"50%\\" x2=\\"100%\\" y2=\\"50%\\" id=\\"shadeGradient\\">
            <stop stop-color=\\"#E0DCE0\\" offset=\\"0%\\"></stop>
            <stop stop-color=\\"#C1BCC2\\" offset=\\"16.67%\\"></stop>
            <stop stop-color=\\"#A29DA3\\" offset=\\"33.33%\\"></stop>
            <stop stop-color=\\"#847E85\\" offset=\\"50%\\"></stop>
            <stop stop-color=\\"#656066\\" offset=\\"66.67%\\"></stop>
            <stop stop-color=\\"#474247\\" offset=\\"83.33%\\"></stop>
            <stop stop-color=\\"#282629\\" offset=\\"100%\\"></stop>
          </linearGradient>
        </defs>
        <rect fill=\\"#FFFCFF\\" x=\\"0\\" y=\\"0\\" width=\\"400\\" height=\\"400\\"></rect>
        <rect fill=\\"#F03E4D\\" x=\\"28\\" y=\\"28\\" width=\\"74\\" height=\\"74\\"></rect>
        <rect fill=\\"#F37735\\" x=\\"118\\" y=\\"28\\" width=\\"74\\" height=\\"74\\"></rect>
        <rect fill=\\"#EEBA21\\" x=\\"208\\" y=\\"28\\" width=\\"74\\" height=\\"74\\"></rect>
        <rect fill=\\"#97BD2D\\" x=\\"298\\" y=\\"28\\" width=\\"74\\" height=\\"74\\"></rect>
        <rect fill=\\"#1FC598\\" x=\\"28\\" y=\\"118\\" width=\\"74\\" height=\\"74\\"></rect>
        <rect fill=\\"#53A6E1\\" x=\\"118\\" y=\\"118\\" width=\\"74\\" height=\\"74\\"></rect>
        <rect fill=\\"#BF65F0\\" x=\\"208\\" y=\\"118\\" width=\\"74\\" height=\\"74\\"></rect>
        <rect fill=\\"#EE4EB8\\" x=\\"298\\" y=\\"118\\" width=\\"74\\" height=\\"74\\"></rect>
        <rect fill=\\"url(#shadeGradient)\\" x=\\"27\\" y=\\"208\\" width=\\"344\\" height=\\"164\\"></rect>
      </svg>
    "
`;

exports[`render function should properly render the README.md file when given only one set of colors 1`] = `"Your personal theme, generated by the [VS Code template](https://github.com/mjswensen/themer-vscode) for [themer](https://github.com/mjswensen/themer)."`;

exports[`render function should properly render theme files 1`] = `
"{
  \\"name\\": \\"Themer Dark\\",
  \\"type\\": \\"dark\\",
  \\"colors\\": {
    \\"focusBorder\\": \\"#CC78FA\\",
    \\"foreground\\": \\"#FFFCFF\\",
    \\"widget.shadow\\": \\"#28262966\\",
    \\"selection.background\\": \\"#656066\\",
    \\"errorForeground\\": \\"#FF4050\\",
    \\"button.background\\": \\"#66BFFF\\",
    \\"button.foreground\\": \\"#282629\\",
    \\"button.hoverBackground\\": \\"#26C99E\\",
    \\"dropdown.background\\": \\"#474247\\",
    \\"dropdown.border\\": \\"#474247\\",
    \\"dropdown.foreground\\": \\"#E0DCE0\\",
    \\"input.background\\": \\"#474247\\",
    \\"input.border\\": \\"#474247\\",
    \\"input.foreground\\": \\"#E0DCE0\\",
    \\"input.placeholderForeground\\": \\"#656066\\",
    \\"inputOption.activeBorder\\": \\"#26C99E\\",
    \\"inputValidation.errorBackground\\": \\"#474247\\",
    \\"inputValidation.errorBorder\\": \\"#FF4050\\",
    \\"inputValidation.infoBackground\\": \\"#474247\\",
    \\"inputValidation.infoBorder\\": \\"#66BFFF\\",
    \\"inputValidation.warningBackground\\": \\"#474247\\",
    \\"inputValidation.warningBorder\\": \\"#F28144\\",
    \\"scrollbar.shadow\\": \\"#28262966\\",
    \\"scrollbarSlider.activeBackground\\": \\"#C1BCC27f\\",
    \\"scrollbarSlider.background\\": \\"#847E857f\\",
    \\"scrollbarSlider.hoverBackground\\": \\"#A29DA37f\\",
    \\"badge.foreground\\": \\"#282629\\",
    \\"badge.background\\": \\"#CC78FA\\",
    \\"progressBar.background\\": \\"#A4CC35\\",
    \\"list.activeSelectionBackground\\": \\"#A4CC35\\",
    \\"list.activeSelectionForeground\\": \\"#282629\\",
    \\"list.dropBackground\\": \\"#847E85\\",
    \\"list.focusBackground\\": \\"#847E85\\",
    \\"list.highlightForeground\\": \\"#FFD24A\\",
    \\"list.hoverBackground\\": \\"#474247\\",
    \\"list.inactiveSelectionBackground\\": \\"#474247\\",
    \\"list.inactiveSelectionForeground\\": \\"#FFFCFF\\",
    \\"list.hoverForeground\\": \\"#C1BCC2\\",
    \\"list.focusForeground\\": \\"#282629\\",
    \\"activityBar.background\\": \\"#282629\\",
    \\"activityBar.dropBackground\\": \\"#474247\\",
    \\"activityBar.foreground\\": \\"#C1BCC2\\",
    \\"activityBar.border\\": \\"#282629\\",
    \\"activityBarBadge.background\\": \\"#CC78FA\\",
    \\"activityBarBadge.foreground\\": \\"#282629\\",
    \\"sideBar.background\\": \\"#282629\\",
    \\"sideBar.foreground\\": \\"#E0DCE0\\",
    \\"sideBar.border\\": \\"#282629\\",
    \\"sideBarTitle.foreground\\": \\"#C1BCC2\\",
    \\"sideBarSectionHeader.background\\": \\"#656066\\",
    \\"sideBarSectionHeader.foreground\\": \\"#E0DCE0\\",
    \\"editorGroup.background\\": \\"#474247\\",
    \\"editorGroup.border\\": \\"#282629\\",
    \\"editorGroup.dropBackground\\": \\"#6560667f\\",
    \\"editorGroupHeader.noTabsBackground\\": \\"#282629\\",
    \\"editorGroupHeader.tabsBackground\\": \\"#282629\\",
    \\"editorGroupHeader.tabsBorder\\": \\"#282629\\",
    \\"tab.activeBackground\\": \\"#474247\\",
    \\"tab.activeForeground\\": \\"#C1BCC2\\",
    \\"tab.border\\": \\"#282629\\",
    \\"tab.inactiveBackground\\": \\"#282629\\",
    \\"tab.inactiveForeground\\": \\"#A29DA3\\",
    \\"tab.unfocusedActiveForeground\\": \\"#847E85\\",
    \\"tab.unfocusedInactiveForeground\\": \\"#656066\\",
    \\"editor.background\\": \\"#282629\\",
    \\"editor.foreground\\": \\"#FFFCFF\\",
    \\"editorLineNumber.foreground\\": \\"#656066\\",
    \\"editorCursor.foreground\\": \\"#CC78FA\\",
    \\"editor.selectionBackground\\": \\"#66BFFF55\\",
    \\"editor.selectionHighlightBackground\\": \\"#474247\\",
    \\"editor.inactiveSelectionBackground\\": \\"#66BFFF33\\",
    \\"editor.wordHighlightBackground\\": \\"#CC78FA7f\\",
    \\"editor.wordHighlightStrongBackground\\": \\"#F553BF7f\\",
    \\"editor.findMatchBackground\\": \\"#FFD24A\\",
    \\"editor.findMatchHighlightBackground\\": \\"#FFD24A7f\\",
    \\"editor.findRangeHighlightBackground\\": \\"#474247\\",
    \\"editor.hoverHighlightBackground\\": \\"#656066\\",
    \\"editor.lineHighlightBackground\\": \\"#282629\\",
    \\"editor.lineHighlightBorder\\": \\"#474247\\",
    \\"editorLink.activeForeground\\": \\"#26C99E\\",
    \\"editor.rangeHighlightBackground\\": \\"#474247\\",
    \\"editorWhitespace.foreground\\": \\"#474247\\",
    \\"editorIndentGuide.background\\": \\"#474247\\",
    \\"editorRuler.foreground\\": \\"#474247\\",
    \\"editorCodeLens.foreground\\": \\"#C1BCC2\\",
    \\"editorBracketMatch.background\\": \\"#474247\\",
    \\"editorBracketMatch.border\\": \\"#474247\\",
    \\"editorOverviewRuler.border\\": \\"#474247\\",
    \\"editorError.foreground\\": \\"#FF4050\\",
    \\"editorError.border\\": \\"#FFFCFF\\",
    \\"editorWarning.foreground\\": \\"#F28144\\",
    \\"editorWarning.border\\": \\"#E0DCE0\\",
    \\"editorGutter.background\\": \\"#282629\\",
    \\"editorGutter.modifiedBackground\\": \\"#FFD24A\\",
    \\"editorGutter.addedBackground\\": \\"#A4CC35\\",
    \\"editorGutter.deletedBackground\\": \\"#FF4050\\",
    \\"diffEditor.insertedTextBackground\\": \\"#A4CC3555\\",
    \\"diffEditor.insertedTextBorder\\": \\"#00000000\\",
    \\"diffEditor.removedTextBackground\\": \\"#FF405055\\",
    \\"diffEditor.removedTextBorder\\": \\"#00000000\\",
    \\"editorWidget.background\\": \\"#474247\\",
    \\"editorWidget.border\\": \\"#474247\\",
    \\"editorSuggestWidget.background\\": \\"#474247\\",
    \\"editorSuggestWidget.border\\": \\"#474247\\",
    \\"editorSuggestWidget.foreground\\": \\"#E0DCE0\\",
    \\"editorSuggestWidget.highlightForeground\\": \\"#F553BF\\",
    \\"editorSuggestWidget.selectedBackground\\": \\"#656066\\",
    \\"editorHoverWidget.background\\": \\"#474247\\",
    \\"editorHoverWidget.border\\": \\"#474247\\",
    \\"debugExceptionWidget.background\\": \\"#474247\\",
    \\"debugExceptionWidget.border\\": \\"#474247\\",
    \\"editorMarkerNavigation.background\\": \\"#474247\\",
    \\"editorMarkerNavigationError.background\\": \\"#FF4050\\",
    \\"editorMarkerNavigationWarning.background\\": \\"#F28144\\",
    \\"peekView.border\\": \\"#F553BF\\",
    \\"peekViewEditor.background\\": \\"#474247\\",
    \\"peekViewEditorGutter.background\\": \\"#474247\\",
    \\"peekViewEditor.matchHighlightBackground\\": \\"#FFD24A\\",
    \\"peekViewResult.background\\": \\"#474247\\",
    \\"peekViewResult.fileForeground\\": \\"#E0DCE0\\",
    \\"peekViewResult.lineForeground\\": \\"#656066\\",
    \\"peekViewResult.matchHighlightBackground\\": \\"#FFD24A\\",
    \\"peekViewResult.selectionBackground\\": \\"#847E85\\",
    \\"peekViewResult.selectionForeground\\": \\"#FFFCFF\\",
    \\"peekViewTitle.background\\": \\"#656066\\",
    \\"peekViewTitleDescription.foreground\\": \\"#C1BCC2\\",
    \\"peekViewTitleLabel.foreground\\": \\"#FFFCFF\\",
    \\"merge.currentHeaderBackground\\": \\"#26C99E\\",
    \\"merge.currentContentBackground\\": \\"#26C99E7f\\",
    \\"merge.incomingHeaderBackground\\": \\"#66BFFF\\",
    \\"merge.incomingContentBackground\\": \\"#66BFFF7f\\",
    \\"merge.border\\": \\"#A29DA3\\",
    \\"editorOverviewRuler.currentContentForeground\\": \\"#26C99E\\",
    \\"editorOverviewRuler.incomingContentForeground\\": \\"#66BFFF\\",
    \\"panel.background\\": \\"#282629\\",
    \\"panel.border\\": \\"#474247\\",
    \\"panelTitle.activeBorder\\": \\"#847E85\\",
    \\"panelTitle.activeForeground\\": \\"#E0DCE0\\",
    \\"panelTitle.inactiveForeground\\": \\"#A29DA3\\",
    \\"statusBar.background\\": \\"#66BFFF\\",
    \\"statusBar.foreground\\": \\"#282629\\",
    \\"statusBar.debuggingBackground\\": \\"#F28144\\",
    \\"statusBar.debuggingForeground\\": \\"#282629\\",
    \\"statusBar.noFolderBackground\\": \\"#CC78FA\\",
    \\"statusBar.noFolderForeground\\": \\"#282629\\",
    \\"statusBarItem.activeBackground\\": \\"#26C99E\\",
    \\"statusBarItem.hoverBackground\\": \\"#A4CC35\\",
    \\"statusBarItem.prominentBackground\\": \\"#26C99E\\",
    \\"statusBarItem.prominentHoverBackground\\": \\"#A4CC35\\",
    \\"statusBar.border\\": \\"#282629\\",
    \\"titleBar.activeBackground\\": \\"#282629\\",
    \\"titleBar.activeForeground\\": \\"#C1BCC2\\",
    \\"titleBar.inactiveBackground\\": \\"#282629\\",
    \\"titleBar.inactiveForeground\\": \\"#A29DA3\\",
    \\"notification.background\\": \\"#474247\\",
    \\"notification.foreground\\": \\"#FFFCFF\\",
    \\"notification.buttonBackground\\": \\"#66BFFF\\",
    \\"notification.buttonHoverBackground\\": \\"#26C99E\\",
    \\"notification.buttonForeground\\": \\"#FFFCFF\\",
    \\"notification.infoBackground\\": \\"#66BFFF\\",
    \\"notification.infoForeground\\": \\"#FFFCFF\\",
    \\"notification.warningBackground\\": \\"#F28144\\",
    \\"notification.warningForeground\\": \\"#FFFCFF\\",
    \\"notification.errorBackground\\": \\"#FF4050\\",
    \\"notification.errorForeground\\": \\"#FFFCFF\\",
    \\"extensionButton.prominentForeground\\": \\"#282629\\",
    \\"extensionButton.prominentBackground\\": \\"#66BFFF\\",
    \\"extensionButton.prominentHoverBackground\\": \\"#26C99E\\",
    \\"pickerGroup.border\\": \\"#F553BF\\",
    \\"pickerGroup.foreground\\": \\"#A4CC35\\",
    \\"terminal.background\\": \\"#282629\\",
    \\"terminal.foreground\\": \\"#E0DCE0\\",
    \\"terminal.ansiBlack\\": \\"#282629\\",
    \\"terminal.ansiBlue\\": \\"#66BFFF\\",
    \\"terminal.ansiBrightBlack\\": \\"#474247\\",
    \\"terminal.ansiBrightBlue\\": \\"#66BFFF\\",
    \\"terminal.ansiBrightCyan\\": \\"#26C99E\\",
    \\"terminal.ansiBrightGreen\\": \\"#26C99E\\",
    \\"terminal.ansiBrightMagenta\\": \\"#F553BF\\",
    \\"terminal.ansiBrightRed\\": \\"#F28144\\",
    \\"terminal.ansiBrightWhite\\": \\"#FFFCFF\\",
    \\"terminal.ansiBrightYellow\\": \\"#FFD24A\\",
    \\"terminal.ansiCyan\\": \\"#26C99E\\",
    \\"terminal.ansiGreen\\": \\"#A4CC35\\",
    \\"terminal.ansiMagenta\\": \\"#F553BF\\",
    \\"terminal.ansiRed\\": \\"#FF4050\\",
    \\"terminal.ansiWhite\\": \\"#E0DCE0\\",
    \\"terminal.ansiYellow\\": \\"#FFD24A\\",
    \\"debugToolBar.background\\": \\"#474247\\",
    \\"welcomePage.buttonBackground\\": \\"#66BFFF\\",
    \\"welcomePage.buttonHoverBackground\\": \\"#26C99E\\",
    \\"walkThrough.embeddedEditorBackground\\": \\"#282629\\"
  },
  \\"tokenColors\\": [
    {
      \\"settings\\": {
        \\"background\\": \\"#282629\\",
        \\"foreground\\": \\"#E0DCE0\\",
        \\"selectionBorder\\": \\"#C1BCC2\\",
        \\"findHighlight\\": \\"#FFD24A\\",
        \\"findHighlightForeground\\": \\"#282629\\",
        \\"activeGuide\\": \\"#F28144\\",
        \\"bracketsForeground\\": \\"#E0DCE07F\\",
        \\"bracketsOptions\\": \\"stippled_underline\\",
        \\"bracketsContentsForeground\\": \\"#E0DCE07F\\",
        \\"tagsOptions\\": \\"stippled_underline\\"
      }
    },
    {
      \\"name\\": \\"Comment\\",
      \\"scope\\": \\"comment\\",
      \\"settings\\": {
        \\"foreground\\": \\"#656066\\"
      }
    },
    {
      \\"name\\": \\"Constant\\",
      \\"scope\\": \\"constant\\",
      \\"settings\\": {
        \\"foreground\\": \\"#F553BF\\"
      }
    },
    {
      \\"name\\": \\"Entity\\",
      \\"scope\\": \\"entity\\",
      \\"settings\\": {
        \\"foreground\\": \\"#26C99E\\"
      }
    },
    {
      \\"name\\": \\"Invalid\\",
      \\"scope\\": \\"invalid\\",
      \\"settings\\": {
        \\"background\\": \\"#FF4050\\",
        \\"foreground\\": \\"#474247\\"
      }
    },
    {
      \\"name\\": \\"Keyword\\",
      \\"scope\\": \\"keyword\\",
      \\"settings\\": {
        \\"foreground\\": \\"#CC78FA\\"
      }
    },
    {
      \\"name\\": \\"Storage\\",
      \\"scope\\": \\"storage\\",
      \\"settings\\": {
        \\"foreground\\": \\"#F553BF\\"
      }
    },
    {
      \\"name\\": \\"String\\",
      \\"scope\\": \\"string\\",
      \\"settings\\": {
        \\"foreground\\": \\"#A4CC35\\"
      }
    },
    {
      \\"name\\": \\"Support\\",
      \\"scope\\": \\"support\\",
      \\"settings\\": {
        \\"foreground\\": \\"#26C99E\\"
      }
    },
    {
      \\"name\\": \\"Variable\\",
      \\"scope\\": \\"variable\\",
      \\"settings\\": {
        \\"foreground\\": \\"#FFFCFF\\"
      }
    },
    {
      \\"name\\": \\"Markup Heading\\",
      \\"scope\\": \\"markup.heading\\",
      \\"settings\\": {
        \\"foreground\\": \\"#26C99E\\"
      }
    },
    {
      \\"name\\": \\"Markup Deleted\\",
      \\"scope\\": \\"markup.deleted\\",
      \\"settings\\": {
        \\"foreground\\": \\"#FF4050\\"
      }
    },
    {
      \\"name\\": \\"Markup Inserted\\",
      \\"scope\\": \\"markup.inserted\\",
      \\"settings\\": {
        \\"foreground\\": \\"#A4CC35\\"
      }
    },
    {
      \\"name\\": \\"Markup Changed\\",
      \\"scope\\": \\"markup.changed\\",
      \\"settings\\": {
        \\"foreground\\": \\"#FFD24A\\"
      }
    },
    {
      \\"name\\": \\"Markup Underline\\",
      \\"scope\\": \\"markup.underline\\",
      \\"settings\\": {
        \\"fontStyle\\": \\"underline\\"
      }
    },
    {
      \\"name\\": \\"Markup Underline Link\\",
      \\"scope\\": \\"markup.underline.link\\",
      \\"settings\\": {
        \\"foreground\\": \\"#66BFFF\\"
      }
    },
    {
      \\"name\\": \\"Markup List\\",
      \\"scope\\": \\"markup.list\\",
      \\"settings\\": {
        \\"foreground\\": \\"#FFFCFF\\"
      }
    },
    {
      \\"name\\": \\"Markup Raw\\",
      \\"scope\\": \\"markup.raw\\",
      \\"settings\\": {
        \\"foreground\\": \\"#F553BF\\"
      }
    }
  ]
}"
`;

exports[`render function should properly render theme files 2`] = `
"{
  \\"name\\": \\"Themer Light\\",
  \\"type\\": \\"light\\",
  \\"colors\\": {
    \\"focusBorder\\": \\"#BF65F0\\",
    \\"foreground\\": \\"#282629\\",
    \\"widget.shadow\\": \\"#28262966\\",
    \\"selection.background\\": \\"#C1BCC2\\",
    \\"errorForeground\\": \\"#F03E4D\\",
    \\"button.background\\": \\"#53A6E1\\",
    \\"button.foreground\\": \\"#FFFCFF\\",
    \\"button.hoverBackground\\": \\"#1FC598\\",
    \\"dropdown.background\\": \\"#E0DCE0\\",
    \\"dropdown.border\\": \\"#E0DCE0\\",
    \\"dropdown.foreground\\": \\"#474247\\",
    \\"input.background\\": \\"#E0DCE0\\",
    \\"input.border\\": \\"#E0DCE0\\",
    \\"input.foreground\\": \\"#474247\\",
    \\"input.placeholderForeground\\": \\"#C1BCC2\\",
    \\"inputOption.activeBorder\\": \\"#1FC598\\",
    \\"inputValidation.errorBackground\\": \\"#E0DCE0\\",
    \\"inputValidation.errorBorder\\": \\"#F03E4D\\",
    \\"inputValidation.infoBackground\\": \\"#E0DCE0\\",
    \\"inputValidation.infoBorder\\": \\"#53A6E1\\",
    \\"inputValidation.warningBackground\\": \\"#E0DCE0\\",
    \\"inputValidation.warningBorder\\": \\"#F37735\\",
    \\"scrollbar.shadow\\": \\"#28262966\\",
    \\"scrollbarSlider.activeBackground\\": \\"#6560667f\\",
    \\"scrollbarSlider.background\\": \\"#A29DA37f\\",
    \\"scrollbarSlider.hoverBackground\\": \\"#847E857f\\",
    \\"badge.foreground\\": \\"#FFFCFF\\",
    \\"badge.background\\": \\"#BF65F0\\",
    \\"progressBar.background\\": \\"#97BD2D\\",
    \\"list.activeSelectionBackground\\": \\"#97BD2D\\",
    \\"list.activeSelectionForeground\\": \\"#FFFCFF\\",
    \\"list.dropBackground\\": \\"#A29DA3\\",
    \\"list.focusBackground\\": \\"#A29DA3\\",
    \\"list.highlightForeground\\": \\"#EEBA21\\",
    \\"list.hoverBackground\\": \\"#E0DCE0\\",
    \\"list.inactiveSelectionBackground\\": \\"#E0DCE0\\",
    \\"list.inactiveSelectionForeground\\": \\"#282629\\",
    \\"list.hoverForeground\\": \\"#656066\\",
    \\"list.focusForeground\\": \\"#FFFCFF\\",
    \\"activityBar.background\\": \\"#FFFCFF\\",
    \\"activityBar.dropBackground\\": \\"#E0DCE0\\",
    \\"activityBar.foreground\\": \\"#656066\\",
    \\"activityBar.border\\": \\"#FFFCFF\\",
    \\"activityBarBadge.background\\": \\"#BF65F0\\",
    \\"activityBarBadge.foreground\\": \\"#FFFCFF\\",
    \\"sideBar.background\\": \\"#FFFCFF\\",
    \\"sideBar.foreground\\": \\"#474247\\",
    \\"sideBar.border\\": \\"#FFFCFF\\",
    \\"sideBarTitle.foreground\\": \\"#656066\\",
    \\"sideBarSectionHeader.background\\": \\"#C1BCC2\\",
    \\"sideBarSectionHeader.foreground\\": \\"#474247\\",
    \\"editorGroup.background\\": \\"#E0DCE0\\",
    \\"editorGroup.border\\": \\"#FFFCFF\\",
    \\"editorGroup.dropBackground\\": \\"#C1BCC27f\\",
    \\"editorGroupHeader.noTabsBackground\\": \\"#FFFCFF\\",
    \\"editorGroupHeader.tabsBackground\\": \\"#FFFCFF\\",
    \\"editorGroupHeader.tabsBorder\\": \\"#FFFCFF\\",
    \\"tab.activeBackground\\": \\"#E0DCE0\\",
    \\"tab.activeForeground\\": \\"#656066\\",
    \\"tab.border\\": \\"#FFFCFF\\",
    \\"tab.inactiveBackground\\": \\"#FFFCFF\\",
    \\"tab.inactiveForeground\\": \\"#847E85\\",
    \\"tab.unfocusedActiveForeground\\": \\"#A29DA3\\",
    \\"tab.unfocusedInactiveForeground\\": \\"#C1BCC2\\",
    \\"editor.background\\": \\"#FFFCFF\\",
    \\"editor.foreground\\": \\"#282629\\",
    \\"editorLineNumber.foreground\\": \\"#C1BCC2\\",
    \\"editorCursor.foreground\\": \\"#BF65F0\\",
    \\"editor.selectionBackground\\": \\"#53A6E155\\",
    \\"editor.selectionHighlightBackground\\": \\"#E0DCE0\\",
    \\"editor.inactiveSelectionBackground\\": \\"#53A6E133\\",
    \\"editor.wordHighlightBackground\\": \\"#BF65F07f\\",
    \\"editor.wordHighlightStrongBackground\\": \\"#EE4EB87f\\",
    \\"editor.findMatchBackground\\": \\"#EEBA21\\",
    \\"editor.findMatchHighlightBackground\\": \\"#EEBA217f\\",
    \\"editor.findRangeHighlightBackground\\": \\"#E0DCE0\\",
    \\"editor.hoverHighlightBackground\\": \\"#C1BCC2\\",
    \\"editor.lineHighlightBackground\\": \\"#FFFCFF\\",
    \\"editor.lineHighlightBorder\\": \\"#E0DCE0\\",
    \\"editorLink.activeForeground\\": \\"#1FC598\\",
    \\"editor.rangeHighlightBackground\\": \\"#E0DCE0\\",
    \\"editorWhitespace.foreground\\": \\"#E0DCE0\\",
    \\"editorIndentGuide.background\\": \\"#E0DCE0\\",
    \\"editorRuler.foreground\\": \\"#E0DCE0\\",
    \\"editorCodeLens.foreground\\": \\"#656066\\",
    \\"editorBracketMatch.background\\": \\"#E0DCE0\\",
    \\"editorBracketMatch.border\\": \\"#E0DCE0\\",
    \\"editorOverviewRuler.border\\": \\"#E0DCE0\\",
    \\"editorError.foreground\\": \\"#F03E4D\\",
    \\"editorError.border\\": \\"#282629\\",
    \\"editorWarning.foreground\\": \\"#F37735\\",
    \\"editorWarning.border\\": \\"#474247\\",
    \\"editorGutter.background\\": \\"#FFFCFF\\",
    \\"editorGutter.modifiedBackground\\": \\"#EEBA21\\",
    \\"editorGutter.addedBackground\\": \\"#97BD2D\\",
    \\"editorGutter.deletedBackground\\": \\"#F03E4D\\",
    \\"diffEditor.insertedTextBackground\\": \\"#97BD2D55\\",
    \\"diffEditor.insertedTextBorder\\": \\"#00000000\\",
    \\"diffEditor.removedTextBackground\\": \\"#F03E4D55\\",
    \\"diffEditor.removedTextBorder\\": \\"#00000000\\",
    \\"editorWidget.background\\": \\"#E0DCE0\\",
    \\"editorWidget.border\\": \\"#E0DCE0\\",
    \\"editorSuggestWidget.background\\": \\"#E0DCE0\\",
    \\"editorSuggestWidget.border\\": \\"#E0DCE0\\",
    \\"editorSuggestWidget.foreground\\": \\"#474247\\",
    \\"editorSuggestWidget.highlightForeground\\": \\"#EE4EB8\\",
    \\"editorSuggestWidget.selectedBackground\\": \\"#C1BCC2\\",
    \\"editorHoverWidget.background\\": \\"#E0DCE0\\",
    \\"editorHoverWidget.border\\": \\"#E0DCE0\\",
    \\"debugExceptionWidget.background\\": \\"#E0DCE0\\",
    \\"debugExceptionWidget.border\\": \\"#E0DCE0\\",
    \\"editorMarkerNavigation.background\\": \\"#E0DCE0\\",
    \\"editorMarkerNavigationError.background\\": \\"#F03E4D\\",
    \\"editorMarkerNavigationWarning.background\\": \\"#F37735\\",
    \\"peekView.border\\": \\"#EE4EB8\\",
    \\"peekViewEditor.background\\": \\"#E0DCE0\\",
    \\"peekViewEditorGutter.background\\": \\"#E0DCE0\\",
    \\"peekViewEditor.matchHighlightBackground\\": \\"#EEBA21\\",
    \\"peekViewResult.background\\": \\"#E0DCE0\\",
    \\"peekViewResult.fileForeground\\": \\"#474247\\",
    \\"peekViewResult.lineForeground\\": \\"#C1BCC2\\",
    \\"peekViewResult.matchHighlightBackground\\": \\"#EEBA21\\",
    \\"peekViewResult.selectionBackground\\": \\"#A29DA3\\",
    \\"peekViewResult.selectionForeground\\": \\"#282629\\",
    \\"peekViewTitle.background\\": \\"#C1BCC2\\",
    \\"peekViewTitleDescription.foreground\\": \\"#656066\\",
    \\"peekViewTitleLabel.foreground\\": \\"#282629\\",
    \\"merge.currentHeaderBackground\\": \\"#1FC598\\",
    \\"merge.currentContentBackground\\": \\"#1FC5987f\\",
    \\"merge.incomingHeaderBackground\\": \\"#53A6E1\\",
    \\"merge.incomingContentBackground\\": \\"#53A6E17f\\",
    \\"merge.border\\": \\"#847E85\\",
    \\"editorOverviewRuler.currentContentForeground\\": \\"#1FC598\\",
    \\"editorOverviewRuler.incomingContentForeground\\": \\"#53A6E1\\",
    \\"panel.background\\": \\"#FFFCFF\\",
    \\"panel.border\\": \\"#E0DCE0\\",
    \\"panelTitle.activeBorder\\": \\"#A29DA3\\",
    \\"panelTitle.activeForeground\\": \\"#474247\\",
    \\"panelTitle.inactiveForeground\\": \\"#847E85\\",
    \\"statusBar.background\\": \\"#53A6E1\\",
    \\"statusBar.foreground\\": \\"#FFFCFF\\",
    \\"statusBar.debuggingBackground\\": \\"#F37735\\",
    \\"statusBar.debuggingForeground\\": \\"#FFFCFF\\",
    \\"statusBar.noFolderBackground\\": \\"#BF65F0\\",
    \\"statusBar.noFolderForeground\\": \\"#FFFCFF\\",
    \\"statusBarItem.activeBackground\\": \\"#1FC598\\",
    \\"statusBarItem.hoverBackground\\": \\"#97BD2D\\",
    \\"statusBarItem.prominentBackground\\": \\"#1FC598\\",
    \\"statusBarItem.prominentHoverBackground\\": \\"#97BD2D\\",
    \\"statusBar.border\\": \\"#FFFCFF\\",
    \\"titleBar.activeBackground\\": \\"#FFFCFF\\",
    \\"titleBar.activeForeground\\": \\"#656066\\",
    \\"titleBar.inactiveBackground\\": \\"#FFFCFF\\",
    \\"titleBar.inactiveForeground\\": \\"#847E85\\",
    \\"notification.background\\": \\"#E0DCE0\\",
    \\"notification.foreground\\": \\"#282629\\",
    \\"notification.buttonBackground\\": \\"#53A6E1\\",
    \\"notification.buttonHoverBackground\\": \\"#1FC598\\",
    \\"notification.buttonForeground\\": \\"#282629\\",
    \\"notification.infoBackground\\": \\"#53A6E1\\",
    \\"notification.infoForeground\\": \\"#282629\\",
    \\"notification.warningBackground\\": \\"#F37735\\",
    \\"notification.warningForeground\\": \\"#282629\\",
    \\"notification.errorBackground\\": \\"#F03E4D\\",
    \\"notification.errorForeground\\": \\"#282629\\",
    \\"extensionButton.prominentForeground\\": \\"#FFFCFF\\",
    \\"extensionButton.prominentBackground\\": \\"#53A6E1\\",
    \\"extensionButton.prominentHoverBackground\\": \\"#1FC598\\",
    \\"pickerGroup.border\\": \\"#EE4EB8\\",
    \\"pickerGroup.foreground\\": \\"#97BD2D\\",
    \\"terminal.background\\": \\"#FFFCFF\\",
    \\"terminal.foreground\\": \\"#474247\\",
    \\"terminal.ansiBlack\\": \\"#FFFCFF\\",
    \\"terminal.ansiBlue\\": \\"#53A6E1\\",
    \\"terminal.ansiBrightBlack\\": \\"#E0DCE0\\",
    \\"terminal.ansiBrightBlue\\": \\"#53A6E1\\",
    \\"terminal.ansiBrightCyan\\": \\"#1FC598\\",
    \\"terminal.ansiBrightGreen\\": \\"#1FC598\\",
    \\"terminal.ansiBrightMagenta\\": \\"#EE4EB8\\",
    \\"terminal.ansiBrightRed\\": \\"#F37735\\",
    \\"terminal.ansiBrightWhite\\": \\"#282629\\",
    \\"terminal.ansiBrightYellow\\": \\"#EEBA21\\",
    \\"terminal.ansiCyan\\": \\"#1FC598\\",
    \\"terminal.ansiGreen\\": \\"#97BD2D\\",
    \\"terminal.ansiMagenta\\": \\"#EE4EB8\\",
    \\"terminal.ansiRed\\": \\"#F03E4D\\",
    \\"terminal.ansiWhite\\": \\"#474247\\",
    \\"terminal.ansiYellow\\": \\"#EEBA21\\",
    \\"debugToolBar.background\\": \\"#E0DCE0\\",
    \\"welcomePage.buttonBackground\\": \\"#53A6E1\\",
    \\"welcomePage.buttonHoverBackground\\": \\"#1FC598\\",
    \\"walkThrough.embeddedEditorBackground\\": \\"#FFFCFF\\"
  },
  \\"tokenColors\\": [
    {
      \\"settings\\": {
        \\"background\\": \\"#FFFCFF\\",
        \\"foreground\\": \\"#474247\\",
        \\"selectionBorder\\": \\"#656066\\",
        \\"findHighlight\\": \\"#EEBA21\\",
        \\"findHighlightForeground\\": \\"#FFFCFF\\",
        \\"activeGuide\\": \\"#F37735\\",
        \\"bracketsForeground\\": \\"#4742477F\\",
        \\"bracketsOptions\\": \\"stippled_underline\\",
        \\"bracketsContentsForeground\\": \\"#4742477F\\",
        \\"tagsOptions\\": \\"stippled_underline\\"
      }
    },
    {
      \\"name\\": \\"Comment\\",
      \\"scope\\": \\"comment\\",
      \\"settings\\": {
        \\"foreground\\": \\"#C1BCC2\\"
      }
    },
    {
      \\"name\\": \\"Constant\\",
      \\"scope\\": \\"constant\\",
      \\"settings\\": {
        \\"foreground\\": \\"#EE4EB8\\"
      }
    },
    {
      \\"name\\": \\"Entity\\",
      \\"scope\\": \\"entity\\",
      \\"settings\\": {
        \\"foreground\\": \\"#1FC598\\"
      }
    },
    {
      \\"name\\": \\"Invalid\\",
      \\"scope\\": \\"invalid\\",
      \\"settings\\": {
        \\"background\\": \\"#F03E4D\\",
        \\"foreground\\": \\"#E0DCE0\\"
      }
    },
    {
      \\"name\\": \\"Keyword\\",
      \\"scope\\": \\"keyword\\",
      \\"settings\\": {
        \\"foreground\\": \\"#BF65F0\\"
      }
    },
    {
      \\"name\\": \\"Storage\\",
      \\"scope\\": \\"storage\\",
      \\"settings\\": {
        \\"foreground\\": \\"#EE4EB8\\"
      }
    },
    {
      \\"name\\": \\"String\\",
      \\"scope\\": \\"string\\",
      \\"settings\\": {
        \\"foreground\\": \\"#97BD2D\\"
      }
    },
    {
      \\"name\\": \\"Support\\",
      \\"scope\\": \\"support\\",
      \\"settings\\": {
        \\"foreground\\": \\"#1FC598\\"
      }
    },
    {
      \\"name\\": \\"Variable\\",
      \\"scope\\": \\"variable\\",
      \\"settings\\": {
        \\"foreground\\": \\"#282629\\"
      }
    },
    {
      \\"name\\": \\"Markup Heading\\",
      \\"scope\\": \\"markup.heading\\",
      \\"settings\\": {
        \\"foreground\\": \\"#1FC598\\"
      }
    },
    {
      \\"name\\": \\"Markup Deleted\\",
      \\"scope\\": \\"markup.deleted\\",
      \\"settings\\": {
        \\"foreground\\": \\"#F03E4D\\"
      }
    },
    {
      \\"name\\": \\"Markup Inserted\\",
      \\"scope\\": \\"markup.inserted\\",
      \\"settings\\": {
        \\"foreground\\": \\"#97BD2D\\"
      }
    },
    {
      \\"name\\": \\"Markup Changed\\",
      \\"scope\\": \\"markup.changed\\",
      \\"settings\\": {
        \\"foreground\\": \\"#EEBA21\\"
      }
    },
    {
      \\"name\\": \\"Markup Underline\\",
      \\"scope\\": \\"markup.underline\\",
      \\"settings\\": {
        \\"fontStyle\\": \\"underline\\"
      }
    },
    {
      \\"name\\": \\"Markup Underline Link\\",
      \\"scope\\": \\"markup.underline.link\\",
      \\"settings\\": {
        \\"foreground\\": \\"#53A6E1\\"
      }
    },
    {
      \\"name\\": \\"Markup List\\",
      \\"scope\\": \\"markup.list\\",
      \\"settings\\": {
        \\"foreground\\": \\"#282629\\"
      }
    },
    {
      \\"name\\": \\"Markup Raw\\",
      \\"scope\\": \\"markup.raw\\",
      \\"settings\\": {
        \\"foreground\\": \\"#EE4EB8\\"
      }
    }
  ]
}"
`;
